*****************************************************************
      SolidWorks Corporation - IGES 프로세서 상태 보고
*****************************************************************
=================================================================
일반 정보
=================================================================
시스템 제품 번호 발신 : 
시스템 제품 번호 수신  : 
파일 이름                    : keeper.iges
발신 시스템               : ANSYS
전처리기 버전         :   9.0      UP20041104
파일 작성일           : 000216.165427
모델 작성일           : 
단위                        : 
모델 배율            : 1
작성인                       : 
회사명                 : 


=================================================================
요소 처리 정보
=================================================================


=================================================================
IGES 파일 정밀도 분석:
=================================================================


=================================================================
요소 결과
=================================================================
-----------------------------------------------------------------
유형 이름                                         변환된 수
---- ----                                         ----- ---------
126  Rational B-spline curve                         54        54
128  Rational B-spline surface                       26        26
186  Manifold Solid B-rep Object                      4         4
322  Attribute table definition                      54         0
502  Vertex list                                      4         4
504  Edge entity                                      4         4
508  Loop entity                                     26        26
510  Face entity                                     26        26
514  Shell entity                                     4         4
_________________________________________________________________


=================================================================
결과 보고
=================================================================
SolidWorks 피처 유형                수
-----------------------                -----
솔리드                       4
곡면                     0
곡선/스케치                0
--------------------------------------------
시작 시간: 금요일, 5월 24, 2019 17:29:09
마침 시간: 금요일, 5월 24, 2019 17:29:11
작업 시간: 0 days, 00 hours, 00 mins, 02 secs
